test	Set up job	﻿2026-04-24T03:55:38.6532615Z Current runner version: '2.333.1'
test	Set up job	2026-04-24T03:55:38.6567679Z ##[group]Runner Image Provisioner
test	Set up job	2026-04-24T03:55:38.6568915Z Hosted Compute Agent
test	Set up job	2026-04-24T03:55:38.6569673Z Version: 20260213.493
test	Set up job	2026-04-24T03:55:38.6570583Z Commit: 5c115507f6dd24b8de37d8bbe0bb4509d0cc0fa3
test	Set up job	2026-04-24T03:55:38.6571694Z Build Date: 2026-02-13T00:28:41Z
test	Set up job	2026-04-24T03:55:38.6572719Z Worker ID: {88bed062-ae5c-4b4d-8386-a739d9b8c10d}
test	Set up job	2026-04-24T03:55:38.6573712Z Azure Region: eastus
test	Set up job	2026-04-24T03:55:38.6574636Z ##[endgroup]
test	Set up job	2026-04-24T03:55:38.6576982Z ##[group]Operating System
test	Set up job	2026-04-24T03:55:38.6577874Z Ubuntu
test	Set up job	2026-04-24T03:55:38.6578762Z 24.04.4
test	Set up job	2026-04-24T03:55:38.6579418Z LTS
test	Set up job	2026-04-24T03:55:38.6580245Z ##[endgroup]
test	Set up job	2026-04-24T03:55:38.6581007Z ##[group]Runner Image
test	Set up job	2026-04-24T03:55:38.6581868Z Image: ubuntu-24.04
test	Set up job	2026-04-24T03:55:38.6582626Z Version: 20260413.86.1
test	Set up job	2026-04-24T03:55:38.6584385Z Included Software: https://github.com/actions/runner-images/blob/ubuntu24/20260413.86/images/ubuntu/Ubuntu2404-Readme.md
test	Set up job	2026-04-24T03:55:38.6587500Z Image Release: https://github.com/actions/runner-images/releases/tag/ubuntu24%2F20260413.86
test	Set up job	2026-04-24T03:55:38.6588963Z ##[endgroup]
test	Set up job	2026-04-24T03:55:38.6590682Z ##[group]GITHUB_TOKEN Permissions
test	Set up job	2026-04-24T03:55:38.6593432Z Contents: read
test	Set up job	2026-04-24T03:55:38.6594278Z Metadata: read
test	Set up job	2026-04-24T03:55:38.6595354Z Packages: read
test	Set up job	2026-04-24T03:55:38.6596187Z ##[endgroup]
test	Set up job	2026-04-24T03:55:38.6598995Z Secret source: Actions
test	Set up job	2026-04-24T03:55:38.6600127Z Prepare workflow directory
test	Set up job	2026-04-24T03:55:38.7145298Z Prepare all required actions
test	Set up job	2026-04-24T03:55:38.7198840Z Getting action download info
test	Set up job	2026-04-24T03:55:38.9113010Z Download action repository 'actions/checkout@v4' (SHA:34e114876b0b11c390a56381ad16ebd13914f8d5)
test	Set up job	2026-04-24T03:55:39.0246155Z Download action repository 'actions/setup-python@v5' (SHA:a26af69be951a213d495a4c3e4e4022e16d87065)
test	Set up job	2026-04-24T03:55:39.1998641Z Complete job name: test
test	Run actions/checkout@v4	﻿2026-04-24T03:55:39.2704411Z ##[group]Run actions/checkout@v4
test	Run actions/checkout@v4	2026-04-24T03:55:39.2705573Z with:
test	Run actions/checkout@v4	2026-04-24T03:55:39.2706011Z   repository: JMiahMan1/QEMULauncher
test	Run actions/checkout@v4	2026-04-24T03:55:39.2706681Z   token: ***
test	Run actions/checkout@v4	2026-04-24T03:55:39.2707060Z   ssh-strict: true
test	Run actions/checkout@v4	2026-04-24T03:55:39.2707460Z   ssh-user: git
test	Run actions/checkout@v4	2026-04-24T03:55:39.2707851Z   persist-credentials: true
test	Run actions/checkout@v4	2026-04-24T03:55:39.2708292Z   clean: true
test	Run actions/checkout@v4	2026-04-24T03:55:39.2708679Z   sparse-checkout-cone-mode: true
test	Run actions/checkout@v4	2026-04-24T03:55:39.2709151Z   fetch-depth: 1
test	Run actions/checkout@v4	2026-04-24T03:55:39.2709529Z   fetch-tags: false
test	Run actions/checkout@v4	2026-04-24T03:55:39.2709918Z   show-progress: true
test	Run actions/checkout@v4	2026-04-24T03:55:39.2710320Z   lfs: false
test	Run actions/checkout@v4	2026-04-24T03:55:39.2710678Z   submodules: false
test	Run actions/checkout@v4	2026-04-24T03:55:39.2711077Z   set-safe-directory: true
test	Run actions/checkout@v4	2026-04-24T03:55:39.2711700Z env:
test	Run actions/checkout@v4	2026-04-24T03:55:39.2712089Z   FORCE_JAVASCRIPT_ACTIONS_TO_NODE24: true
test	Run actions/checkout@v4	2026-04-24T03:55:39.2712598Z   APP_NAME: QEMU Launcher
test	Run actions/checkout@v4	2026-04-24T03:55:39.2713013Z ##[endgroup]
test	Run actions/checkout@v4	2026-04-24T03:55:39.3689930Z Syncing repository: JMiahMan1/QEMULauncher
test	Run actions/checkout@v4	2026-04-24T03:55:39.3691669Z ##[group]Getting Git version info
test	Run actions/checkout@v4	2026-04-24T03:55:39.3692367Z Working directory is '/home/runner/work/QEMULauncher/QEMULauncher'
test	Run actions/checkout@v4	2026-04-24T03:55:39.3693385Z [command]/usr/bin/git version
test	Run actions/checkout@v4	2026-04-24T03:55:39.4818999Z git version 2.53.0
test	Run actions/checkout@v4	2026-04-24T03:55:39.4837617Z ##[endgroup]
test	Run actions/checkout@v4	2026-04-24T03:55:39.4853981Z Temporarily overriding HOME='/home/runner/work/_temp/5647db95-d62f-40c2-b17e-14a25416cc19' before making global git config changes
test	Run actions/checkout@v4	2026-04-24T03:55:39.4856337Z Adding repository directory to the temporary git global config as a safe directory
test	Run actions/checkout@v4	2026-04-24T03:55:39.4860389Z [command]/usr/bin/git config --global --add safe.directory /home/runner/work/QEMULauncher/QEMULauncher
test	Run actions/checkout@v4	2026-04-24T03:55:39.4897004Z Deleting the contents of '/home/runner/work/QEMULauncher/QEMULauncher'
test	Run actions/checkout@v4	2026-04-24T03:55:39.4901183Z ##[group]Initializing the repository
test	Run actions/checkout@v4	2026-04-24T03:55:39.4906095Z [command]/usr/bin/git init /home/runner/work/QEMULauncher/QEMULauncher
test	Run actions/checkout@v4	2026-04-24T03:55:39.4964210Z hint: Using 'master' as the name for the initial branch. This default branch name
test	Run actions/checkout@v4	2026-04-24T03:55:39.4966282Z hint: will change to "main" in Git 3.0. To configure the initial branch name
test	Run actions/checkout@v4	2026-04-24T03:55:39.4968246Z hint: to use in all of your new repositories, which will suppress this warning,
test	Run actions/checkout@v4	2026-04-24T03:55:39.4969530Z hint: call:
test	Run actions/checkout@v4	2026-04-24T03:55:39.4970347Z hint:
test	Run actions/checkout@v4	2026-04-24T03:55:39.4971162Z hint: 	git config --global init.defaultBranch <name>
test	Run actions/checkout@v4	2026-04-24T03:55:39.4972068Z hint:
test	Run actions/checkout@v4	2026-04-24T03:55:39.4972896Z hint: Names commonly chosen instead of 'master' are 'main', 'trunk' and
test	Run actions/checkout@v4	2026-04-24T03:55:39.4974281Z hint: 'development'. The just-created branch can be renamed via this command:
test	Run actions/checkout@v4	2026-04-24T03:55:39.4975625Z hint:
test	Run actions/checkout@v4	2026-04-24T03:55:39.4976250Z hint: 	git branch -m <name>
test	Run actions/checkout@v4	2026-04-24T03:55:39.4976937Z hint:
test	Run actions/checkout@v4	2026-04-24T03:55:39.4977921Z hint: Disable this message with "git config set advice.defaultBranchName false"
test	Run actions/checkout@v4	2026-04-24T03:55:39.4979474Z Initialized empty Git repository in /home/runner/work/QEMULauncher/QEMULauncher/.git/
test	Run actions/checkout@v4	2026-04-24T03:55:39.4981898Z [command]/usr/bin/git remote add origin https://github.com/JMiahMan1/QEMULauncher
test	Run actions/checkout@v4	2026-04-24T03:55:39.5009140Z ##[endgroup]
test	Run actions/checkout@v4	2026-04-24T03:55:39.5010232Z ##[group]Disabling automatic garbage collection
test	Run actions/checkout@v4	2026-04-24T03:55:39.5013634Z [command]/usr/bin/git config --local gc.auto 0
test	Run actions/checkout@v4	2026-04-24T03:55:39.5043287Z ##[endgroup]
test	Run actions/checkout@v4	2026-04-24T03:55:39.5044237Z ##[group]Setting up auth
test	Run actions/checkout@v4	2026-04-24T03:55:39.5049470Z [command]/usr/bin/git config --local --name-only --get-regexp core\.sshCommand
test	Run actions/checkout@v4	2026-04-24T03:55:39.5080460Z [command]/usr/bin/git submodule foreach --recursive sh -c "git config --local --name-only --get-regexp 'core\.sshCommand' && git config --local --unset-all 'core.sshCommand' || :"
test	Run actions/checkout@v4	2026-04-24T03:55:39.5364561Z [command]/usr/bin/git config --local --name-only --get-regexp http\.https\:\/\/github\.com\/\.extraheader
test	Run actions/checkout@v4	2026-04-24T03:55:39.5396723Z [command]/usr/bin/git submodule foreach --recursive sh -c "git config --local --name-only --get-regexp 'http\.https\:\/\/github\.com\/\.extraheader' && git config --local --unset-all 'http.https://github.com/.extraheader' || :"
test	Run actions/checkout@v4	2026-04-24T03:55:39.5623942Z [command]/usr/bin/git config --local --name-only --get-regexp ^includeIf\.gitdir:
test	Run actions/checkout@v4	2026-04-24T03:55:39.5656047Z [command]/usr/bin/git submodule foreach --recursive git config --local --show-origin --name-only --get-regexp remote.origin.url
test	Run actions/checkout@v4	2026-04-24T03:55:39.5883401Z [command]/usr/bin/git config --local http.https://github.com/.extraheader AUTHORIZATION: basic ***
test	Run actions/checkout@v4	2026-04-24T03:55:39.5917806Z ##[endgroup]
test	Run actions/checkout@v4	2026-04-24T03:55:39.5918872Z ##[group]Fetching the repository
test	Run actions/checkout@v4	2026-04-24T03:55:39.5927763Z [command]/usr/bin/git -c protocol.version=2 fetch --no-tags --prune --no-recurse-submodules --depth=1 origin +f774d1180e5b92b401d4761a8c3b0954b7a1692c:refs/remotes/pull/1/merge
test	Run actions/checkout@v4	2026-04-24T03:55:39.7557518Z From https://github.com/JMiahMan1/QEMULauncher
test	Run actions/checkout@v4	2026-04-24T03:55:39.7558638Z  * [new ref]         f774d1180e5b92b401d4761a8c3b0954b7a1692c -> pull/1/merge
test	Run actions/checkout@v4	2026-04-24T03:55:39.7584573Z ##[endgroup]
test	Run actions/checkout@v4	2026-04-24T03:55:39.7585615Z ##[group]Determining the checkout info
test	Run actions/checkout@v4	2026-04-24T03:55:39.7587726Z ##[endgroup]
test	Run actions/checkout@v4	2026-04-24T03:55:39.7592654Z [command]/usr/bin/git sparse-checkout disable
test	Run actions/checkout@v4	2026-04-24T03:55:39.7632199Z [command]/usr/bin/git config --local --unset-all extensions.worktreeConfig
test	Run actions/checkout@v4	2026-04-24T03:55:39.7660010Z ##[group]Checking out the ref
test	Run actions/checkout@v4	2026-04-24T03:55:39.7664418Z [command]/usr/bin/git checkout --progress --force refs/remotes/pull/1/merge
test	Run actions/checkout@v4	2026-04-24T03:55:39.7709681Z Note: switching to 'refs/remotes/pull/1/merge'.
test	Run actions/checkout@v4	2026-04-24T03:55:39.7710358Z 
test	Run actions/checkout@v4	2026-04-24T03:55:39.7710854Z You are in 'detached HEAD' state. You can look around, make experimental
test	Run actions/checkout@v4	2026-04-24T03:55:39.7711722Z changes and commit them, and you can discard any commits you make in this
test	Run actions/checkout@v4	2026-04-24T03:55:39.7712567Z state without impacting any branches by switching back to a branch.
test	Run actions/checkout@v4	2026-04-24T03:55:39.7713123Z 
test	Run actions/checkout@v4	2026-04-24T03:55:39.7713635Z If you want to create a new branch to retain commits you create, you may
test	Run actions/checkout@v4	2026-04-24T03:55:39.7715145Z do so (now or later) by using -c with the switch command. Example:
test	Run actions/checkout@v4	2026-04-24T03:55:39.7715945Z 
test	Run actions/checkout@v4	2026-04-24T03:55:39.7716577Z   git switch -c <new-branch-name>
test	Run actions/checkout@v4	2026-04-24T03:55:39.7717099Z 
test	Run actions/checkout@v4	2026-04-24T03:55:39.7717400Z Or undo this operation with:
test	Run actions/checkout@v4	2026-04-24T03:55:39.7717857Z 
test	Run actions/checkout@v4	2026-04-24T03:55:39.7718143Z   git switch -
test	Run actions/checkout@v4	2026-04-24T03:55:39.7718488Z 
test	Run actions/checkout@v4	2026-04-24T03:55:39.7719126Z Turn off this advice by setting config variable advice.detachedHead to false
test	Run actions/checkout@v4	2026-04-24T03:55:39.7719997Z 
test	Run actions/checkout@v4	2026-04-24T03:55:39.7720953Z HEAD is now at f774d11 Merge 540b987b6462e10f8fb06e7f2cc4694e21697c91 into ec2039523e61cfa38b5245b6e410fede7e196eaf
test	Run actions/checkout@v4	2026-04-24T03:55:39.7723770Z ##[endgroup]
test	Run actions/checkout@v4	2026-04-24T03:55:39.7754116Z [command]/usr/bin/git log -1 --format=%H
test	Run actions/checkout@v4	2026-04-24T03:55:39.7777387Z f774d1180e5b92b401d4761a8c3b0954b7a1692c
test	Set up Python	﻿2026-04-24T03:55:39.8021654Z ##[group]Run actions/setup-python@v5
test	Set up Python	2026-04-24T03:55:39.8022166Z with:
test	Set up Python	2026-04-24T03:55:39.8022516Z   python-version: 3.12
test	Set up Python	2026-04-24T03:55:39.8022929Z   check-latest: false
test	Set up Python	2026-04-24T03:55:39.8023486Z   token: ***
test	Set up Python	2026-04-24T03:55:39.8023854Z   update-environment: true
test	Set up Python	2026-04-24T03:55:39.8024313Z   allow-prereleases: false
test	Set up Python	2026-04-24T03:55:39.8024721Z   freethreaded: false
test	Set up Python	2026-04-24T03:55:39.8025245Z env:
test	Set up Python	2026-04-24T03:55:39.8025619Z   FORCE_JAVASCRIPT_ACTIONS_TO_NODE24: true
test	Set up Python	2026-04-24T03:55:39.8026134Z   APP_NAME: QEMU Launcher
test	Set up Python	2026-04-24T03:55:39.8026530Z ##[endgroup]
test	Set up Python	2026-04-24T03:55:39.9269556Z ##[group]Installed versions
test	Set up Python	2026-04-24T03:55:39.9347841Z (node:2313) [DEP0040] DeprecationWarning: The `punycode` module is deprecated. Please use a userland alternative instead.
test	Set up Python	2026-04-24T03:55:39.9349779Z (Use `node --trace-deprecation ...` to show where the warning was created)
test	Set up Python	2026-04-24T03:55:39.9350943Z Successfully set up CPython (3.12.13)
test	Set up Python	2026-04-24T03:55:39.9352117Z ##[endgroup]
test	Run MacOS Logic Tests	﻿2026-04-24T03:55:39.9497278Z ##[group]Run python3 tests/test_macos_logic.py
test	Run MacOS Logic Tests	2026-04-24T03:55:39.9498003Z [36;1mpython3 tests/test_macos_logic.py[0m
test	Run MacOS Logic Tests	2026-04-24T03:55:39.9532836Z shell: /usr/bin/bash -e {0}
test	Run MacOS Logic Tests	2026-04-24T03:55:39.9533320Z env:
test	Run MacOS Logic Tests	2026-04-24T03:55:39.9533713Z   FORCE_JAVASCRIPT_ACTIONS_TO_NODE24: true
test	Run MacOS Logic Tests	2026-04-24T03:55:39.9534249Z   APP_NAME: QEMU Launcher
test	Run MacOS Logic Tests	2026-04-24T03:55:39.9534775Z   pythonLocation: /opt/hostedtoolcache/Python/3.12.13/x64
test	Run MacOS Logic Tests	2026-04-24T03:55:39.9535825Z   PKG_CONFIG_PATH: /opt/hostedtoolcache/Python/3.12.13/x64/lib/pkgconfig
test	Run MacOS Logic Tests	2026-04-24T03:55:39.9536563Z   Python_ROOT_DIR: /opt/hostedtoolcache/Python/3.12.13/x64
test	Run MacOS Logic Tests	2026-04-24T03:55:39.9537252Z   Python2_ROOT_DIR: /opt/hostedtoolcache/Python/3.12.13/x64
test	Run MacOS Logic Tests	2026-04-24T03:55:39.9537933Z   Python3_ROOT_DIR: /opt/hostedtoolcache/Python/3.12.13/x64
test	Run MacOS Logic Tests	2026-04-24T03:55:39.9538603Z   LD_LIBRARY_PATH: /opt/hostedtoolcache/Python/3.12.13/x64/lib
test	Run MacOS Logic Tests	2026-04-24T03:55:39.9539164Z ##[endgroup]
test	Run MacOS Logic Tests	2026-04-24T03:55:41.2548545Z Traceback (most recent call last):
test	Run MacOS Logic Tests	2026-04-24T03:55:41.2554757Z   File "/home/runner/work/QEMULauncher/QEMULauncher/tests/test_macos_logic.py", line 8, in <module>
test	Run MacOS Logic Tests	2026-04-24T03:55:41.2555953Z     import qemu_app
test	Run MacOS Logic Tests	2026-04-24T03:55:41.2624672Z   File "/home/runner/work/QEMULauncher/QEMULauncher/qemu_app.py", line 12, in <module>
test	Run MacOS Logic Tests	2026-04-24T03:55:41.2625630Z     import AppKit
test	Run MacOS Logic Tests	2026-04-24T03:55:41.2626129Z ModuleNotFoundError: No module named 'AppKit'
test	Run MacOS Logic Tests	2026-04-24T03:55:41.2716359Z ##[error]Process completed with exit code 1.
test	Post Run actions/checkout@v4	﻿2026-04-24T03:55:41.2829431Z Post job cleanup.
test	Post Run actions/checkout@v4	2026-04-24T03:55:41.3603180Z [command]/usr/bin/git version
test	Post Run actions/checkout@v4	2026-04-24T03:55:41.3639961Z git version 2.53.0
test	Post Run actions/checkout@v4	2026-04-24T03:55:41.3676344Z Temporarily overriding HOME='/home/runner/work/_temp/11cc456e-74e2-4d21-9652-1b5e6bb8e879' before making global git config changes
test	Post Run actions/checkout@v4	2026-04-24T03:55:41.3677707Z Adding repository directory to the temporary git global config as a safe directory
test	Post Run actions/checkout@v4	2026-04-24T03:55:41.3682351Z [command]/usr/bin/git config --global --add safe.directory /home/runner/work/QEMULauncher/QEMULauncher
test	Post Run actions/checkout@v4	2026-04-24T03:55:41.3719848Z [command]/usr/bin/git config --local --name-only --get-regexp core\.sshCommand
test	Post Run actions/checkout@v4	2026-04-24T03:55:41.3778832Z [command]/usr/bin/git submodule foreach --recursive sh -c "git config --local --name-only --get-regexp 'core\.sshCommand' && git config --local --unset-all 'core.sshCommand' || :"
test	Post Run actions/checkout@v4	2026-04-24T03:55:41.4013359Z [command]/usr/bin/git config --local --name-only --get-regexp http\.https\:\/\/github\.com\/\.extraheader
test	Post Run actions/checkout@v4	2026-04-24T03:55:41.4036033Z http.https://github.com/.extraheader
test	Post Run actions/checkout@v4	2026-04-24T03:55:41.4046552Z [command]/usr/bin/git config --local --unset-all http.https://github.com/.extraheader
test	Post Run actions/checkout@v4	2026-04-24T03:55:41.4079893Z [command]/usr/bin/git submodule foreach --recursive sh -c "git config --local --name-only --get-regexp 'http\.https\:\/\/github\.com\/\.extraheader' && git config --local --unset-all 'http.https://github.com/.extraheader' || :"
test	Post Run actions/checkout@v4	2026-04-24T03:55:41.4314488Z [command]/usr/bin/git config --local --name-only --get-regexp ^includeIf\.gitdir:
test	Post Run actions/checkout@v4	2026-04-24T03:55:41.4346093Z [command]/usr/bin/git submodule foreach --recursive git config --local --show-origin --name-only --get-regexp remote.origin.url
test	Complete job	﻿2026-04-24T03:55:41.4703381Z Cleaning up orphan processes
test	Complete job	2026-04-24T03:55:41.4989151Z ##[warning]Node.js 20 is deprecated. The following actions target Node.js 20 but are being forced to run on Node.js 24: actions/checkout@v4, actions/setup-python@v5. For more information see: https://github.blog/changelog/2025-09-19-deprecation-of-node-20-on-github-actions-runners/
